<!DOCTYPE html>
<html>
	<head>
		<title>Diff View</title>
		<meta charset="utf-8">
		
					<link href="../css/style.css" rel="stylesheet">
	</head>
	
	<body>
		<table>
			    	<tr class="same"><td>org/apodhrad/p2diff</td></tr>
			    	<tr class="same"><td>META-INF</td></tr>
			    	<tr class="same"><td>META-INF/maven/org.apodhrad.p2diff</td></tr>
			    	<tr class="same"><td>org/apodhrad/p2diff/small_package</td></tr>
			    	<tr class="same"><td>META-INF/maven/org.apodhrad.p2diff/small_package/pom.xml</td></tr>
			    	<tr class="same"><td>org</td></tr>
			    	<tr class="same"><td>META-INF/maven</td></tr>
					<tr class="hidden"><td><pre>	<span class="info">--- /home/iyuki/Dokumenty/p2diff/target/test-classes/small_package.jar.temp/META-INF/maven/org.apodhrad.p2diff/small_package/pom.properties</span>
	<span class="info">+++ /home/iyuki/Dokumenty/p2diff/target/test-classes/small_package2.jar.temp/META-INF/maven/org.apodhrad.p2diff/small_package/pom.properties</span>
	<span class="range">@@ -1,3 +1,3 @@</span>
	 #Generated by Maven
	<span class="deleted">-#Thu May 26 09:23:13 CEST 2016</span>
	<span class="added">+#Thu May 26 09:23:46 CEST 2016</span>
	 version=0.0.1-SNAPSHOT
</pre></td></tr>
			    	<tr class="same"><td>org/apodhrad/p2diff/small_package/App.class</td></tr>
			    	<tr class="same"><td>META-INF/maven/org.apodhrad.p2diff/small_package</td></tr>
			    	<tr class="same"><td>org/apodhrad</td></tr>
			    	<tr class="same"><td>META-INF/MANIFEST.MF</td></tr>
		</table>
		
		<script src="https://ajax.googleapis.com/ajax/libs/jquery/1.12.2/jquery.min.js"></script>
	</body>
</html>